Java HotSpot(TM) 64-Bit Server VM (25.231-b11) for windows-amd64 JRE (1.8.0_231-b11), built on Oct  5 2019 03:11:30 by "java_re" with MS VC++ 10.0 (VS2010)
Memory: 4k page, physical 16719944k(9443764k free), swap 17768520k(6873332k free)
CommandLine flags: -XX:InitialHeapSize=8388608 -XX:MaxHeapSize=10485760 -XX:+PrintGC -XX:+PrintGCTimeStamps -XX:+UseCompressedClassPointers -XX:+UseCompressedOops -XX:-UseLargePagesIndividualAllocation -XX:+UseParallelGC 
3.652: [GC (Allocation Failure)  1536K->972K(7680K), 0.0009161 secs]
3.735: [GC (Allocation Failure)  2508K->1292K(7680K), 0.0007435 secs]
3.769: [GC (Allocation Failure)  2828K->1532K(7680K), 0.0007347 secs]
3.860: [GC (Allocation Failure)  3068K->2164K(7680K), 0.0009808 secs]
5.875: [GC (Allocation Failure)  3700K->2348K(7680K), 0.0010951 secs]
8.007: [GC (Allocation Failure)  3884K->2508K(7680K), 0.0010876 secs]
8.706: [GC (Allocation Failure)  3532K->2540K(7680K), 0.0007707 secs]
9.207: [GC (Allocation Failure)  3564K->2628K(7680K), 0.0009275 secs]
9.877: [GC (Allocation Failure)  3652K->2628K(7680K), 0.0007610 secs]
10.507: [GC (Allocation Failure)  3652K->2596K(7680K), 0.0005201 secs]
11.107: [GC (Allocation Failure)  3618K->2692K(7680K), 0.0004894 secs]
11.807: [GC (Allocation Failure)  3716K->2652K(7680K), 0.0006948 secs]
12.406: [GC (Allocation Failure)  3676K->2628K(7680K), 0.0007116 secs]
13.007: [GC (Allocation Failure)  3652K->2636K(7680K), 0.0004799 secs]
13.607: [GC (Allocation Failure)  3660K->2708K(7680K), 0.0004635 secs]
14.307: [GC (Allocation Failure)  3732K->2724K(7680K), 0.0005563 secs]
14.880: [GC (Allocation Failure)  3748K->2740K(7680K), 0.0006793 secs]
15.506: [GC (Allocation Failure)  3764K->2724K(7680K), 0.0004946 secs]
16.107: [GC (Allocation Failure)  3748K->2676K(7680K), 0.0006609 secs]
16.707: [GC (Allocation Failure)  3700K->2780K(7680K), 0.0005720 secs]
17.317: [GC (Allocation Failure)  3804K->2716K(7680K), 0.0010077 secs]
17.906: [GC (Allocation Failure)  3740K->2788K(7680K), 0.0009343 secs]
18.606: [GC (Allocation Failure)  3812K->2828K(7680K), 0.0004863 secs]
19.206: [GC (Allocation Failure)  3852K->2844K(7680K), 0.0008314 secs]
19.884: [GC (Allocation Failure)  3868K->2844K(7680K), 0.0005069 secs]
20.507: [GC (Allocation Failure)  3868K->2916K(7680K), 0.0005166 secs]
21.206: [GC (Allocation Failure)  3940K->2916K(7680K), 0.0006429 secs]
21.906: [GC (Allocation Failure)  3940K->2964K(7680K), 0.0004394 secs]
22.506: [GC (Allocation Failure)  3988K->2932K(7680K), 0.0007454 secs]
23.106: [GC (Allocation Failure)  3956K->2908K(7680K), 0.0005128 secs]
23.809: [GC (Allocation Failure)  3932K->3004K(7680K), 0.0017439 secs]
24.506: [GC (Allocation Failure)  4028K->2876K(7680K), 0.0004513 secs]
25.106: [GC (Allocation Failure)  3900K->2908K(7680K), 0.0005244 secs]
25.806: [GC (Allocation Failure)  3932K->2940K(7680K), 0.0007884 secs]
26.807: [GC (Allocation Failure)  4476K->2980K(7680K), 0.0003922 secs]
27.707: [GC (Allocation Failure)  4516K->2932K(7680K), 0.0007005 secs]
28.706: [GC (Allocation Failure)  4468K->2940K(7680K), 0.0004801 secs]
29.706: [GC (Allocation Failure)  4476K->2980K(7680K), 0.0006112 secs]
39.898: [GC (Allocation Failure)  4516K->2964K(7680K), 0.0005282 secs]
53.907: [GC (Allocation Failure)  5524K->3972K(7680K), 0.0005956 secs]
66.920: [GC (Allocation Failure)  5508K->4044K(7680K), 0.0004297 secs]
71.711: [GC (Heap Dump Initiated GC)  4528K->3940K(7680K), 0.0007488 secs]
71.712: [Full GC (Heap Dump Initiated GC)  3940K->2860K(7680K), 0.0132606 secs]
84.932: [GC (Allocation Failure)  4396K->2964K(7680K), 0.0004226 secs]
98.942: [GC (Allocation Failure)  4500K->2908K(7680K), 0.0004636 secs]
102.946: [GC (Allocation Failure)  4444K->4068K(7680K), 0.0005550 secs]
116.958: [GC (Allocation Failure)  5604K->3972K(7680K), 0.0006662 secs]
130.969: [GC (Allocation Failure)  5508K->3980K(7680K), 0.0006314 secs]
144.982: [GC (Allocation Failure)  5516K->4012K(7680K), 0.0004382 secs]
159.953: [GC (Allocation Failure)  6572K->5196K(7680K), 0.0004266 secs]
172.005: [GC (Allocation Failure)  6732K->5068K(7680K), 0.0006300 secs]
172.213: [GC (Heap Dump Initiated GC)  5097K->5068K(7680K), 0.0006177 secs]
172.213: [Full GC (Heap Dump Initiated GC)  5068K->4889K(9216K), 0.0135131 secs]
184.018: [GC (Allocation Failure)  6425K->5057K(9216K), 0.0007386 secs]
198.034: [GC (Allocation Failure)  6593K->5001K(9216K), 0.0005669 secs]
203.037: [GC (Allocation Failure)  6537K->6089K(9216K), 0.0008411 secs]
217.049: [GC (Allocation Failure)  7625K->6097K(9216K), 0.0006472 secs]
231.996: [GC (Allocation Failure)  7633K->6073K(9216K), 0.0005677 secs]
237.100: [GC (Heap Dump Initiated GC)  6718K->6017K(9216K), 0.0005083 secs]
237.100: [Full GC (Heap Dump Initiated GC)  6017K->5901K(9216K), 0.0144449 secs]
247.076: [GC (Allocation Failure)  7437K->6261K(9216K), 0.0004286 secs]
252.003: [GC (Allocation Failure)  7797K->7101K(9216K), 0.0007635 secs]
252.004: [Full GC (Ergonomics)  7101K->6931K(9216K), 0.0055065 secs]
261.087: [Full GC (Ergonomics)  8467K->7084K(9216K), 0.0073079 secs]
275.102: [Full GC (Ergonomics)  8620K->6979K(9216K), 0.0043543 secs]
290.020: [Full GC (Ergonomics)  8515K->6961K(9216K), 0.0044746 secs]
300.059: [Full GC (Ergonomics)  8040K->6961K(9216K), 0.0094107 secs]
304.027: [Full GC (Ergonomics)  8497K->8000K(9216K), 0.0093419 secs]
308.136: [Full GC (Ergonomics)  8496K->7993K(9216K), 0.0042562 secs]
313.140: [Full GC (Ergonomics)  8496K->7988K(9216K), 0.0043568 secs]
318.032: [Full GC (Ergonomics)  8496K->7988K(9216K), 0.0044299 secs]
322.151: [Full GC (Ergonomics)  8495K->8002K(9216K), 0.0041944 secs]
324.407: [Full GC (Ergonomics)  8496K->7988K(9216K), 0.0043867 secs]
324.708: [Full GC (Ergonomics)  8496K->8029K(9216K), 0.0046116 secs]
325.107: [Full GC (Ergonomics)  8490K->8004K(9216K), 0.0042132 secs]
325.307: [Full GC (Ergonomics)  8490K->8049K(9216K), 0.0042070 secs]
325.707: [Full GC (Ergonomics)  8489K->8011K(9216K), 0.0040990 secs]
326.007: [Full GC (Ergonomics)  8489K->8051K(9216K), 0.0043644 secs]
326.308: [Full GC (Ergonomics)  8489K->8028K(9216K), 0.0045746 secs]
326.607: [Full GC (Ergonomics)  8486K->8054K(9216K), 0.0049567 secs]
327.007: [Full GC (Ergonomics)  8489K->8021K(9216K), 0.0047706 secs]
327.307: [Full GC (Ergonomics)  8489K->8010K(9216K), 0.0045806 secs]
327.608: [Full GC (Ergonomics)  8489K->8028K(9216K), 0.0044854 secs]
328.008: [Full GC (Ergonomics)  8489K->8003K(9216K), 0.0045404 secs]
328.307: [Full GC (Ergonomics)  8489K->8000K(9216K), 0.0042594 secs]
328.707: [Full GC (Ergonomics)  8489K->7988K(9216K), 0.0045598 secs]
329.008: [Full GC (Ergonomics)  8489K->8032K(9216K), 0.0045499 secs]
329.307: [Full GC (Ergonomics)  8489K->8026K(9216K), 0.0041298 secs]
329.708: [Full GC (Ergonomics)  8489K->7996K(9216K), 0.0044161 secs]
330.007: [Full GC (Ergonomics)  8489K->8035K(9216K), 0.0043388 secs]
330.307: [Full GC (Ergonomics)  8489K->8028K(9216K), 0.0041173 secs]
330.707: [Full GC (Ergonomics)  8489K->8004K(9216K), 0.0040955 secs]
331.038: [Full GC (Ergonomics)  8489K->7986K(9216K), 0.0041986 secs]
331.407: [Full GC (Ergonomics)  8489K->7987K(9216K), 0.0041624 secs]
331.707: [Full GC (Ergonomics)  8489K->8034K(9216K), 0.0041327 secs]
332.107: [Full GC (Ergonomics)  8489K->8002K(9216K), 0.0041162 secs]
332.407: [Full GC (Ergonomics)  8489K->8014K(9216K), 0.0042119 secs]
332.807: [Full GC (Ergonomics)  8489K->7989K(9216K), 0.0037880 secs]
333.107: [Full GC (Ergonomics)  8489K->8029K(9216K), 0.0040034 secs]
333.407: [Full GC (Ergonomics)  8489K->8029K(9216K), 0.0046522 secs]
333.807: [Full GC (Ergonomics)  8489K->8002K(9216K), 0.0045106 secs]
334.107: [Full GC (Ergonomics)  8489K->8031K(9216K), 0.0043093 secs]
334.407: [Full GC (Ergonomics)  8489K->8030K(9216K), 0.0044641 secs]
334.807: [Full GC (Ergonomics)  8489K->8006K(9216K), 0.0041060 secs]
335.107: [Full GC (Ergonomics)  8488K->8031K(9216K), 0.0040206 secs]
335.407: [Full GC (Ergonomics)  8489K->8028K(9216K), 0.0041812 secs]
335.807: [Full GC (Ergonomics)  8489K->8000K(9216K), 0.0039704 secs]
336.108: [Full GC (Ergonomics)  8489K->8031K(9216K), 0.0043507 secs]
336.408: [Full GC (Ergonomics)  8489K->8030K(9216K), 0.0046350 secs]
336.807: [Full GC (Ergonomics)  8489K->8005K(9216K), 0.0039271 secs]
337.106: [Full GC (Ergonomics)  8489K->8031K(9216K), 0.0041178 secs]
337.407: [Full GC (Ergonomics)  8489K->8031K(9216K), 0.0046267 secs]
337.807: [Full GC (Ergonomics)  8489K->8006K(9216K), 0.0038439 secs]
338.107: [Full GC (Ergonomics)  8488K->8031K(9216K), 0.0042294 secs]
338.407: [Full GC (Ergonomics)  8489K->8031K(9216K), 0.0047372 secs]
338.807: [Full GC (Ergonomics)  8489K->8006K(9216K), 0.0041416 secs]
339.107: [Full GC (Ergonomics)  8489K->8031K(9216K), 0.0040265 secs]
339.407: [Full GC (Ergonomics)  8489K->8031K(9216K), 0.0041794 secs]
339.807: [Full GC (Ergonomics)  8489K->8006K(9216K), 0.0040462 secs]
340.108: [Full GC (Ergonomics)  8489K->8031K(9216K), 0.0043335 secs]
340.407: [Full GC (Ergonomics)  8489K->8030K(9216K), 0.0043874 secs]
340.807: [Full GC (Ergonomics)  8489K->8002K(9216K), 0.0042987 secs]
341.107: [Full GC (Ergonomics)  8489K->8032K(9216K), 0.0042579 secs]
341.407: [Full GC (Ergonomics)  8489K->8030K(9216K), 0.0044672 secs]
341.806: [Full GC (Ergonomics)  8489K->8005K(9216K), 0.0041547 secs]
342.107: [Full GC (Ergonomics)  8489K->8032K(9216K), 0.0041203 secs]
342.408: [Full GC (Ergonomics)  8489K->8031K(9216K), 0.0040520 secs]
342.807: [Full GC (Ergonomics)  8489K->8006K(9216K), 0.0042457 secs]
343.108: [Full GC (Ergonomics)  8489K->8032K(9216K), 0.0041449 secs]
343.408: [Full GC (Ergonomics)  8489K->8031K(9216K), 0.0042998 secs]
343.807: [Full GC (Ergonomics)  8489K->8006K(9216K), 0.0038323 secs]
344.108: [Full GC (Ergonomics)  8489K->8032K(9216K), 0.0041865 secs]
344.408: [Full GC (Ergonomics)  8489K->8031K(9216K), 0.0040987 secs]
344.808: [Full GC (Ergonomics)  8489K->8006K(9216K), 0.0043647 secs]
345.106: [Full GC (Ergonomics)  8489K->8032K(9216K), 0.0039189 secs]
345.407: [Full GC (Ergonomics)  8489K->8029K(9216K), 0.0042633 secs]
345.807: [Full GC (Ergonomics)  8489K->8000K(9216K), 0.0038449 secs]
346.108: [Full GC (Ergonomics)  8489K->8032K(9216K), 0.0039414 secs]
346.407: [Full GC (Ergonomics)  8489K->8030K(9216K), 0.0044166 secs]
346.807: [Full GC (Ergonomics)  8489K->8005K(9216K), 0.0045581 secs]
347.107: [Full GC (Ergonomics)  8489K->8032K(9216K), 0.0039316 secs]
347.408: [Full GC (Ergonomics)  8489K->8031K(9216K), 0.0042889 secs]
347.807: [Full GC (Ergonomics)  8489K->8006K(9216K), 0.0040511 secs]
348.108: [Full GC (Ergonomics)  8489K->8032K(9216K), 0.0042228 secs]
348.408: [Full GC (Ergonomics)  8489K->8031K(9216K), 0.0042385 secs]
348.807: [Full GC (Ergonomics)  8489K->8006K(9216K), 0.0040742 secs]
349.107: [Full GC (Ergonomics)  8489K->8032K(9216K), 0.0040204 secs]
349.407: [Full GC (Ergonomics)  8489K->8032K(9216K), 0.0042645 secs]
349.807: [Full GC (Ergonomics)  8489K->8006K(9216K), 0.0040111 secs]
350.069: [Full GC (Ergonomics)  8391K->7987K(9216K), 0.0043530 secs]
350.073: [Full GC (Allocation Failure)  7987K->7952K(9216K), 0.0045916 secs]
